........XXX....................................................................
........XXX....................................................................
.....XXXXX............................................XXXXXXX....XXXXX.........
.................................................XXXXXXXX....XXXXX...XXXXX.....
....................................................XXXXXXXXXX..XXXXXX.........
...........XXXXXXXX..................XXX.......................................
................XXX....................X.......................................
.......................................X.......................................
....................XXXXX..............X.......................................
.........................XXX...........X...................XXX.................
.......................................X.................XXX.XXX...............
.......................................X...............XXX.....XXX.............
.......................................X.............XXX...XX....XXX...........
................................XXXXXXXXXXXXXXXXXXXXXXX....XX..................
...............................................................................
...............................................................................
...............................................................................
